// Jest Snapshot v1, https://goo.gl/fbAQLP

exports[`Component: RecipesList should match snapshot 1`] = `"<div class=\\"u-push-top\\"><div class=\\"u-text-center\\"><div class=\\"circle-icon\\"><img class=\\"circle-icon__icon\\" src=\\"recipes.svg\\" alt=\\"recipes icon\\"></div><h2 class=\\"MuiTypography-root-1 MuiTypography-headline-6 MuiTypography-gutterBottom-18\\">No recipes yet</h2><p class=\\"MuiTypography-root-1 MuiTypography-body1-10 MuiTypography-gutterBottom-18 MuiTypography-paragraph-19\\">Do not forget to save recipes when you play with ingredients. Once saved, they will show here.</p><a tabindex=\\"0\\" class=\\"MuiButtonBase-root-41 MuiButton-root-25 MuiButton-raised-31\\" role=\\"button\\" href=\\"/\\"><span class=\\"MuiButton-label-26\\">Create recipe</span><span class=\\"MuiTouchRipple-root-44\\"></span></a></div></div>"`;
