// Jest Snapshot v1, https://goo.gl/fbAQLP

exports[`Component: NutritionMacro should match snapshot 1`] = `"<div class=\\"MuiPaper-root-2 MuiPaper-elevation2-6 MuiPaper-rounded-3 MuiCard-root-1\\"><div class=\\"MuiCardContent-root-29\\"><h2 class=\\"MuiTypography-root-30 MuiTypography-headline-35 MuiTypography-gutterBottom-47\\">Macro in recipe</h2><p class=\\"MuiTypography-root-30 MuiTypography-body1-39 MuiTypography-gutterBottom-47 MuiTypography-paragraph-48\\">Based on 4 calories per gram of carbs and protein, and 9 calories per gram of fat.</p><p class=\\"MuiTypography-root-30 MuiTypography-body1-39 MuiTypography-gutterBottom-47 MuiTypography-paragraph-48\\">Those numbers are approximation only, as the number of calories per macro change per ingredient and depend on quality and other factor.</p><div class=\\"nutrients-macro-chart\\"><div style=\\"width:12%\\" class=\\"bar-graph bar-graph--fat\\"><p>Fat 12%</p></div></div></div></div>"`;
