// Jest Snapshot v1, https://goo.gl/fbAQLP

exports[`Component: ingredient nutrients should match snapshot 1`] = `
<div>
  <div class="layout justify-space-between align-center row"></div>
  <div class="text-xs-center pa-2"><span tabindex="0" class="v-chip theme--light"><span class="v-chip__content">
      Low fat
    </span></span><span tabindex="0" class="v-chip theme--light"><span class="v-chip__content">
      Vegan
    </span></span></div>
</div>
`;
