// Jest Snapshot v1, https://goo.gl/fbAQLP

exports[`Component: app should match snapshot 1`] = `
<div class="v-alert the-alert error"><i aria-hidden="true" class="v-icon material-icons theme--light v-alert__icon">warning</i>
  <div>
    alert
  </div><a class="v-alert__dismissible"><i aria-hidden="true" class="v-icon v-icon--right material-icons theme--light">cancel</i></a>
</div>
`;
