// Jest Snapshot v1, https://goo.gl/fbAQLP

exports[`Component: ingredients list should match snapshot 1`] = `
<div class="card" style="height: auto;">
    <div class="card__title justify-space-between card__title--primary">
        <h2>Your recipe ingredients list</h2>
        <div class="flex md3">
            <div class="input-group input-group--text-field primary--text">
                <label>Recipe name</label>
                <div class="input-group__input">
                    <input md3="" ng-model="recipeName" tabindex="0" aria-label="Recipe name" type="text">
                </div>
                <div class="input-group__details">
                    <!---->
                </div>
            </div>
        </div>
    </div>
    <div class="list">
        <div class="list__group">
            <div class="list__group__header">
                <div>
                    <div class="list__tile">
                        <div class="list__tile__content">
                            <div class="list__tile__title">carrot cal for gr </div>
                        </div>
                        <div id="remove-button-0" class="list__tile__action">
                            <i aria-hidden="true" class="icon material-icons">delete</i>
                        </div>
                    </div>
                </div>
                <div class="list__group__header__append-icon">
                    <i aria-hidden="true" class="icon material-icons">keyboard_arrow_down</i>
                </div>
            </div>
            <div class="list__group__items" style="display: none;">
                <div>
                    <div class="layout justify-space-between align-center row">
                        <div class="flex text-xs-center">
                            <h3 class="pa-2">Fat</h3>
                            <p>5.00gr</p>
                        </div>
                        <div class="flex text-xs-center">
                            <h3 class="pa-2">Fat</h3>
                            <p>5.00gr</p>
                        </div>
                    </div>
                    <div class="text-xs-center pa-2"></div>
                </div>
            </div>
        </div>
    </div>
    <div class="card__actions justify-end">
        <button type="button" class="btn" id="remove-all-button">
            <div class="btn__content">Remove all ingredients</div>
        </button>
        <button type="button" class="btn primary" id="save-button">
            <div class="btn__content">
                Save recipe
            </div>
        </button>
    </div>
</div>
`;
