// Jest Snapshot v1, https://goo.gl/fbAQLP

exports[`Component: nutrients chart should match snapshot 1`] = `
<div class="layout row">
  <div class="bar-graph  bar-graph--protein" style="width: 50%;">
    <p class="bar-graph__text">Protein 50%</p>
  </div>
  <div class="bar-graph  bar-graph--fat" style="width: 10%;">
    <p class="bar-graph__text">Fat 10%</p>
  </div>
</div>
`;
