// Jest Snapshot v1, https://goo.gl/fbAQLP

exports[`Component: search ingredient should match snapshot 1`] = `
<div class="search-ingredient card" style="height: auto;">
    <div class="card__title card__title--primary">
        <h2>What do you have in your fridge?</h2>
    </div>
    <form novalidate="novalidate" id="search-ingredient-form">
        <div class="layout justify-space-between align-center px-4 column">
            <input type="text" label="Ingredient and quantity" placeholder="Example: 200gr chicken" class="ma-1">
            <input type="text" label="Number of servings" class="ma-1">
            <button disabled="disabled" type="submit" class="btn btn--disabled primary">
                <div class="btn__content">
                    Add
                </div>
            </button>
        </div>
    </form>
</div>
`;
