// Jest Snapshot v1, https://goo.gl/fbAQLP

exports[`Component: recipe creator should match snapshot 1`] = `
<div class="layout row wrap">
    <div class="flex xs12">
        <div class="flex xs12">
            <div></div>
        </div>
        <div class="flex xs12 align-center justify-center">
            <div ingredients="[object Object]" remove="function boundFn(a) {
    var l = arguments.length;
    return l
      ? l > 1
        ? fn.apply(ctx, arguments)
        : fn.call(ctx, a)
      : fn.call(ctx)
  }" remove-all="function boundFn(a) {
    var l = arguments.length;
    return l
      ? l > 1
        ? fn.apply(ctx, arguments)
        : fn.call(ctx, a)
      : fn.call(ctx)
  }" save="function boundFn(a) {
    var l = arguments.length;
    return l
      ? l > 1
        ? fn.apply(ctx, arguments)
        : fn.call(ctx, a)
      : fn.call(ctx)
  }"></div>
        </div>
        <!---->
        <!---->
    </div>
</div>
`;
