// Jest Snapshot v1, https://goo.gl/fbAQLP

exports[`Component: recipes list should match snapshot 1`] = `
<div class="container grid-list-md">
  <div class="layout row wrap">
    <div class="flex md4">
      <div class="v-card v-sheet theme--light" style="height: 100%;">
        <div class="v-card__title v-card__title--primary">
          <h2 class="headline">recipe 1</h2>
        </div>
        <div role="list" class="v-list theme--light">
          <div role="listitem">
            <div class="v-list__tile theme--light">
              <div class="v-list__tile__content">
                <div class="v-list__tile__title">apple 100cal for 200gr </div>
              </div>
            </div>
          </div>
        </div>
      </div>
    </div>
  </div>
  <!---->
</div>
`;
