// Jest Snapshot v1, https://goo.gl/fbAQLP

exports[`Component: app should match snapshot 1`] = `
<div data-app="true" class="application theme--light" id="app">
    <div class="application--wrap">
        <div class="layout column justify-space-between">
            <header></header>
            <div class="container grid-list-lg">
                <main>
                    <router-view></router-view>
                </main>
            </div>
            <div></div>
            <footer class="footer grey darken-3" style="height: 32px;">
                <div class="layout row wrap aligh-center justify-center">
                    <div class="flex xs12 text-xs-center white--text">
                        <p class="my-2 body-1">Powered by Vue</p>
                    </div>
                </div>
            </footer>
        </div>
    </div>
</div>
`;
