// Jest Snapshot v1, https://goo.gl/fbAQLP

exports[`Component: RecipeDetails should match snapshot 1`] = `"<div class=\\"MuiPaper-root-2 MuiPaper-elevation2-6 MuiPaper-rounded-3 MuiCard-root-1\\"><div class=\\"MuiCardContent-root-29\\"><h2 class=\\"MuiTypography-root-30 MuiTypography-headline-35 MuiTypography-gutterBottom-47\\">My recipe</h2><ul><li>carrot</li><li>spinach</li></ul></div></div>"`;
